// Jest Snapshot v1, https://goo.gl/fbAQLP

exports[`CLI integrates with main API and creates an output with generated meta 1`] = `
"

<meta name=\\"apple-mobile-web-app-capable\\" content=\\"yes\\">

<link rel=\\"apple-touch-startup-image\\" href=\\"%PUBLIC_URL%/temp/apple-splash-dark-2732-2048.jpg\\" media=\\"(prefers-color-scheme: dark) and (device-width: 1024px) and (device-height: 1366px) and (-webkit-device-pixel-ratio: 2) and (orientation: landscape)\\">
<link rel=\\"apple-touch-startup-image\\" href=\\"%PUBLIC_URL%/temp/apple-splash-dark-2388-1668.jpg\\" media=\\"(prefers-color-scheme: dark) and (device-width: 834px) and (device-height: 1194px) and (-webkit-device-pixel-ratio: 2) and (orientation: landscape)\\">
<link rel=\\"apple-touch-startup-image\\" href=\\"%PUBLIC_URL%/temp/apple-splash-dark-2048-1536.jpg\\" media=\\"(prefers-color-scheme: dark) and (device-width: 768px) and (device-height: 1024px) and (-webkit-device-pixel-ratio: 2) and (orientation: landscape)\\">
<link rel=\\"apple-touch-startup-image\\" href=\\"%PUBLIC_URL%/temp/apple-splash-dark-2224-1668.jpg\\" media=\\"(prefers-color-scheme: dark) and (device-width: 834px) and (device-height: 1112px) and (-webkit-device-pixel-ratio: 2) and (orientation: landscape)\\">
<link rel=\\"apple-touch-startup-image\\" href=\\"%PUBLIC_URL%/temp/apple-splash-dark-2160-1620.jpg\\" media=\\"(prefers-color-scheme: dark) and (device-width: 810px) and (device-height: 1080px) and (-webkit-device-pixel-ratio: 2) and (orientation: landscape)\\">
<link rel=\\"apple-touch-startup-image\\" href=\\"%PUBLIC_URL%/temp/apple-splash-dark-2688-1242.jpg\\" media=\\"(prefers-color-scheme: dark) and (device-width: 414px) and (device-height: 896px) and (-webkit-device-pixel-ratio: 3) and (orientation: landscape)\\">
<link rel=\\"apple-touch-startup-image\\" href=\\"%PUBLIC_URL%/temp/apple-splash-dark-2436-1125.jpg\\" media=\\"(prefers-color-scheme: dark) and (device-width: 375px) and (device-height: 812px) and (-webkit-device-pixel-ratio: 3) and (orientation: landscape)\\">
<link rel=\\"apple-touch-startup-image\\" href=\\"%PUBLIC_URL%/temp/apple-splash-dark-1792-828.jpg\\" media=\\"(prefers-color-scheme: dark) and (device-width: 414px) and (device-height: 896px) and (-webkit-device-pixel-ratio: 2) and (orientation: landscape)\\">
<link rel=\\"apple-touch-startup-image\\" href=\\"%PUBLIC_URL%/temp/apple-splash-dark-1920-1080.jpg\\" media=\\"(prefers-color-scheme: dark) and (device-width: 360px) and (device-height: 640px) and (-webkit-device-pixel-ratio: 3) and (orientation: landscape)\\">
<link rel=\\"apple-touch-startup-image\\" href=\\"%PUBLIC_URL%/temp/apple-splash-dark-1334-750.jpg\\" media=\\"(prefers-color-scheme: dark) and (device-width: 375px) and (device-height: 667px) and (-webkit-device-pixel-ratio: 2) and (orientation: landscape)\\">
<link rel=\\"apple-touch-startup-image\\" href=\\"%PUBLIC_URL%/temp/apple-splash-dark-1136-640.jpg\\" media=\\"(prefers-color-scheme: dark) and (device-width: 320px) and (device-height: 568px) and (-webkit-device-pixel-ratio: 2) and (orientation: landscape)\\">

"
`;
